// Jest Snapshot v1, https://goo.gl/fbAQLP

exports[`Tests on DeleteEventFab.js should make a snapshot 1`] = `
<button
  className="btn btn-danger fab-danger"
  onClick={[Function]}
>
  <i
    className="fas fa-trash"
  />
  <span>
    Borrar evento
  </span>
</button>
`;
